assets/snow/frame_000.png
assets/snow/frame_001.png
assets/snow/frame_002.png
assets/snow/frame_003.png
assets/snow/frame_004.png
assets/snow/frame_005.png
assets/snow/frame_006.png
assets/snow/frame_007.png
assets/snow/frame_008.png
assets/snow/frame_009.png
assets/snow/frame_010.png
assets/snow/frame_011.png
assets/snow/frame_012.png
assets/snow/frame_013.png
assets/snow/frame_014.png
assets/snow/frame_015.png
assets/snow/frame_016.png
assets/snow/frame_017.png
assets/snow/frame_018.png
assets/snow/frame_019.png
assets/snow/frame_020.png
assets/snow/frame_021.png
assets/snow/frame_022.png
assets/snow/frame_023.png
assets/snow/frame_024.png
assets/snow/frame_025.png
assets/snow/frame_026.png
assets/snow/frame_027.png
assets/snow/frame_028.png
assets/snow/frame_029.png
assets/snow/frame_030.png
assets/snow/frame_031.png
assets/snow/frame_032.png
assets/snow/frame_033.png
assets/snow/frame_034.png
assets/snow/frame_035.png
assets/snow/frame_036.png
assets/snow/frame_037.png
assets/snow/frame_038.png
assets/snow/frame_039.png
assets/snow/frame_040.png
assets/snow/frame_041.png
assets/snow/frame_042.png
assets/snow/frame_043.png
assets/snow/frame_044.png
assets/snow/frame_045.png
assets/snow/frame_046.png
assets/snow/frame_047.png
assets/snow/frame_048.png
assets/snow/frame_049.png
assets/snow/frame_050.png
assets/snow/frame_051.png
assets/snow/frame_052.png
assets/snow/frame_053.png
assets/snow/frame_054.png
assets/snow/frame_055.png
assets/snow/frame_056.png
assets/snow/frame_057.png
assets/snow/frame_058.png
assets/snow/frame_059.png
assets/snow/frame_060.png
assets/snow/frame_061.png
assets/snow/frame_062.png
assets/snow/frame_063.png
assets/snow/frame_064.png
assets/snow/frame_065.png
assets/snow/frame_066.png
assets/snow/frame_067.png
assets/snow/frame_068.png
assets/snow/frame_069.png
assets/snow/frame_070.png
assets/snow/frame_071.png
assets/snow/frame_072.png
assets/snow/frame_073.png
assets/snow/frame_074.png
assets/snow/frame_075.png
assets/snow/frame_076.png
assets/snow/frame_077.png
assets/snow/frame_078.png
assets/snow/frame_079.png
assets/snow/frame_080.png
assets/snow/frame_081.png
assets/snow/frame_082.png
assets/snow/frame_083.png
assets/snow/frame_084.png
assets/snow/frame_085.png
assets/snow/frame_086.png
assets/snow/frame_087.png
assets/snow/frame_088.png
assets/snow/frame_089.png
assets/snow/frame_090.png
assets/snow/frame_091.png
assets/snow/frame_092.png
assets/snow/frame_093.png
assets/snow/frame_094.png
assets/snow/frame_095.png
assets/snow/frame_096.png
assets/snow/frame_097.png
assets/snow/frame_098.png
assets/snow/frame_099.png
assets/snow/frame_100.png
assets/snow/frame_101.png
assets/snow/frame_102.png
assets/snow/frame_103.png
assets/snow/frame_104.png
assets/snow/frame_105.png
assets/snow/frame_106.png
assets/snow/frame_107.png
assets/snow/frame_108.png
assets/snow/frame_109.png
assets/snow/frame_110.png
assets/snow/frame_111.png
assets/snow/frame_112.png
assets/snow/frame_113.png
assets/snow/frame_114.png
assets/snow/frame_115.png
assets/snow/frame_116.png
assets/snow/frame_117.png
assets/snow/frame_118.png
assets/snow/frame_119.png
